src/engine/seed_universe.ts(65,9): error TS2739: Type '{ slot1: null; slot2: null; slot3: null; }' is missing the following properties from type 'Badges': slot4, slot3Hidden
src/test/PlayerCard.test.tsx(36,5): error TS2739: Type '{ slot1: null; slot2: null; slot3: null; }' is missing the following properties from type 'Badges': slot4, slot3Hidden
src/test/PlayerCard.test.tsx(38,5): error TS2739: Type '{ goals: number; assists: number; averageRating: number; gamesPlayed: number; lastMatchRatings: number[]; }' is missing the following properties from type 'PlayerHistory': benchGamesCount, seasonRatingDelta
src/testSeason.ts(40,13): error TS2739: Type '{ currentTeamId: string; historyTeamIds: undefined[]; titlesWon: number; }' is missing the following properties from type '{ titlesWon: number; totalLeagueTitles: number; totalCupTitles: number; hallOfFameEntries: number; consecutiveTitles: number; currentTeamId: string; historyTeamIds: string[]; }': totalLeagueTitles, totalCupTitles, hallOfFameEntries, consecutiveTitles
